
Memory Configuration

Name             Origin             Length             Attributes
FLASH            0x08000000         0x00020000         xr
SRAM             0x20000000         0x00002000         xrw
*default*        0x00000000         0xffffffff

Linker script and memory map

LOAD stm32f100_board.o

.flash          0x08000000     0x6298
 *(interrupt_vector)
 *(.text)
 .text          0x08000000      0x274 stm32f100_board.o
                0x08000000                _start
 *(.text.*)
 .text.forth    0x08000274     0x3728 stm32f100_board.o
                0x08000274                reset_handler
                0x08000350                name_EXIT
                0x0800035c                EXIT
                0x08000360                code_EXIT
                0x080004a4                name_DROP
                0x080004b0                DROP
                0x080004b4                code_DROP
                0x080004c0                name_SWAP
                0x080004cc                SWAP
                0x080004d0                code_SWAP
                0x080004e4                name_OVER
                0x080004f0                OVER
                0x080004f4                code_OVER
                0x08000504                name_ROT
                0x08000510                ROT
                0x08000514                code_ROT
                0x08000528                name_QDUP
                0x08000534                QDUP
                0x08000538                code_QDUP
                0x0800054c                name_DUP
                0x08000558                DUP
                0x0800055c                code_DUP
                0x0800056c                name_NIP
                0x08000578                NIP
                0x0800057c                code_NIP
                0x0800058c                name_TUCK
                0x08000598                TUCK
                0x0800059c                code_TUCK
                0x080005b0                name_TWODUP
                0x080005bc                TWODUP
                0x080005c0                code_TWODUP
                0x080005d0                name_TWOSWAP
                0x080005dc                TWOSWAP
                0x080005e0                code_TWOSWAP
                0x080005f4                name_TWODROP
                0x08000600                TWODROP
                0x08000604                code_TWODROP
                0x08000610                name_TWOOVER
                0x0800061c                TWOOVER
                0x08000620                code_TWOOVER
                0x08000634                name_TOR
                0x0800063c                TOR
                0x08000640                code_TOR
                0x08000650                name_RFROM
                0x08000658                RFROM
                0x0800065c                code_RFROM
                0x0800066c                name_RFETCH
                0x08000674                RFETCH
                0x08000678                code_RFETCH
                0x08000688                name_RDROP
                0x08000694                RDROP
                0x08000698                code_RDROP
                0x080006a4                name_SPFETCH
                0x080006b0                SPFETCH
                0x080006b4                code_SPFETCH
                0x080006c4                name_RPFETCH
                0x080006d0                RPFETCH
                0x080006d4                code_RPFETCH
                0x080006e0                name_SPSTORE
                0x080006ec                SPSTORE
                0x080006f0                code_SPSTORE
                0x08000700                name_RPSTORE
                0x0800070c                RPSTORE
                0x08000710                code_RPSTORE
                0x0800071c                name_ROTROT
                0x08000728                ROTROT
                0x08000738                name_CHAR
                0x08000744                CHAR
                0x0800074c                name_CELL
                0x08000758                CELL
                0x08000760                name_CELLS
                0x0800076c                CELLS
                0x08000780                name_ALIGNED
                0x08000790                ALIGNED
                0x08000794                code_ALIGNED
                0x080007ac                name_FETCHBYTE
                0x080007b4                FETCHBYTE
                0x080007b8                code_FETCHBYTE
                0x080007c8                name_STOREBYTE
                0x080007d0                STOREBYTE
                0x080007d4                code_STOREBYTE
                0x080007e4                name_HFETCH
                0x080007ec                HFETCH
                0x080007f0                code_HFETCH
                0x08000800                name_HSTORE
                0x08000808                HSTORE
                0x0800080c                code_HSTORE
                0x0800081c                name_FETCH
                0x08000824                FETCH
                0x08000828                code_FETCH
                0x08000838                name_STORE
                0x08000840                STORE
                0x08000844                code_STORE
                0x08000854                name_TWOSTORE
                0x0800085c                TWOSTORE
                0x0800087c                name_TWOFETCH
                0x08000884                TWOFETCH
                0x080008a4                name_ADDSTORE
                0x080008ac                ADDSTORE
                0x080008b0                code_ADDSTORE
                0x080008c4                name_SUBSTORE
                0x080008cc                SUBSTORE
                0x080008d0                code_SUBSTORE
                0x080008e4                name_FILL
                0x080008f0                FILL
                0x080008f4                code_FILL
                0x08000914                name_BLANK
                0x08000920                BLANK
                0x08000930                name_CMOVEUP
                0x0800093c                CMOVEUP
                0x08000940                code_CMOVEUP
                0x0800095c                name_CMOVE
                0x08000968                CMOVE
                0x0800096c                code_CMOVE
                0x0800098c                name_ALIGNED_MOVEGT
                0x080009a0                ALIGNED_MOVEGT
                0x080009a4                code_ALIGNED_MOVEGT
                0x080009c0                name_SEQU
                0x080009c8                SEQU
                0x080009cc                code_SEQU
                0x080009f8                name_TRIMSTRING
                0x08000a08                TRIMSTRING
                0x08000a28                name_COUNT
                0x08000a34                COUNT
                0x08000a4c                name_XSQUOTE
                0x08000a58                XSQUOTE
                0x08000a78                name_GTGTSOURCE
                0x08000a88                GTGTSOURCE
                0x08000aa0                name_SQUOT
                0x08000aa8                SQUOT
                0x08000adc                name_DOTQUOT
                0x08000ae4                DOTQUOT
                0x08000afc                name_SZQUOT
                0x08000b08                SZQUOT
                0x08000b68                name_PAD
                0x08000b74                PAD
                0x08000b8c                name_INCR
                0x08000b94                INCR
                0x08000b98                code_INCR
                0x08000ba8                name_DECR
                0x08000bb0                DECR
                0x08000bb4                code_DECR
                0x08000bc4                name_INCR4
                0x08000bcc                INCR4
                0x08000bd0                code_INCR4
                0x08000be0                name_DECR4
                0x08000be8                DECR4
                0x08000bec                code_DECR4
                0x08000bfc                name_ADD
                0x08000c04                ADD
                0x08000c08                code_ADD
                0x08000c1c                name_SUB
                0x08000c24                SUB
                0x08000c28                code_SUB
                0x08000c3c                name_MUL
                0x08000c44                MUL
                0x08000c48                code_MUL
                0x08000c5c                name_DIVMOD
                0x08000c68                DIVMOD
                0x08000c6c                code_DIVMOD
                0x08000c88                name_UDIVMOD
                0x08000c94                UDIVMOD
                0x08000c98                code_UDIVMOD
                0x08000cb4                name_DIV
                0x08000cbc                DIV
                0x08000cc0                code_DIV
                0x08000cd4                name_MOD
                0x08000ce0                MOD
                0x08000ce4                code_MOD
                0x08000cfc                name_UMOD
                0x08000d08                UMOD
                0x08000d0c                code_UMOD
                0x08000d24                name_TWOMUL
                0x08000d2c                TWOMUL
                0x08000d30                code_TWOMUL
                0x08000d40                name_TWODIV
                0x08000d48                TWODIV
                0x08000d4c                code_TWODIV
                0x08000d5c                name_ABS
                0x08000d68                ABS
                0x08000d6c                code_ABS
                0x08000d84                name_MAX
                0x08000d90                MAX
                0x08000d94                code_MAX
                0x08000dac                name_MIN
                0x08000db8                MIN
                0x08000dbc                code_MIN
                0x08000dd4                name_ROR
                0x08000de0                ROR
                0x08000de4                code_ROR
                0x08000df8                name_ROTATE
                0x08000e04                ROTATE
                0x08000e3c                name_NEGATE
                0x08000e48                NEGATE
                0x08000e5c                name_WITHIN
                0x08000e68                WITHIN
                0x08000e88                name_BITE
                0x08000e94                BITE
                0x08000ebc                name_CHEW
                0x08000ec8                CHEW
                0x08000ee4                name_AND
                0x08000ef0                AND
                0x08000ef4                code_AND
                0x08000f08                name_OR
                0x08000f10                OR
                0x08000f14                code_OR
                0x08000f28                name_XOR
                0x08000f34                XOR
                0x08000f38                code_XOR
                0x08000f4c                name_INVERT
                0x08000f58                INVERT
                0x08000f5c                code_INVERT
                0x08000f6c                name_EQU
                0x08000f74                EQU
                0x08000f78                code_EQU
                0x08000f90                name_LT
                0x08000f98                LT
                0x08000f9c                code_LT
                0x08000fb4                name_ULT
                0x08000fbc                ULT
                0x08000fc0                code_ULT
                0x08000fd8                name_GT
                0x08000fe0                GT
                0x08000ff0                name_UGT
                0x08000ff8                UGT
                0x08001008                name_NEQU
                0x08001010                NEQU
                0x08001020                name_LE
                0x08001028                LE
                0x08001038                name_GE
                0x08001040                GE
                0x08001050                name_ZEQU
                0x08001058                ZEQU
                0x0800106c                name_ZNEQU
                0x08001078                ZNEQU
                0x0800108c                name_ZLT
                0x08001094                ZLT
                0x080010a8                name_ZGT
                0x080010b0                ZGT
                0x080010c4                name_ZLE
                0x080010d0                ZLE
                0x080010e4                name_ZGE
                0x080010f0                ZGE
                0x08001104                name_TIBSIZE
                0x08001110                TIBSIZE
                0x08001118                name_CSLASHBLK
                0x08001124                CSLASHBLK
                0x0800112c                name_SOURCE
                0x08001138                SOURCE
                0x08001150                name_PRINTSTACK
                0x08001158                PRINTSTACK
                0x080011a0                name_PRINTRSTACK
                0x080011a8                PRINTRSTACK
                0x080011ac                code_PRINTRSTACK
                0x080011bc                name_PUTCHAR
                0x080011cc                PUTCHAR
                0x080011d0                code_PUTCHAR
                0x080011e0                name_LF
                0x080011e8                LF
                0x080011fc                name_CR
                0x08001204                CR
                0x0800121c                name_BL
                0x08001224                BL
                0x0800122c                name_SPACE
                0x08001238                SPACE
                0x08001248                name_HOLD
                0x08001254                HOLD
                0x08001278                name_LTNUM
                0x08001280                LTNUM
                0x08001294                name_TODIGIT
                0x080012a0                TODIGIT
                0x080012d4                name_NUM
                0x080012dc                NUM
                0x080012fc                name_NUMS
                0x08001304                NUMS
                0x08001320                name_NUMGT
                0x08001328                NUMGT
                0x08001348                name_SIGN
                0x08001354                SIGN
                0x08001374                name_UDOT
                0x0800137c                UDOT
                0x08001398                name_DOT
                0x080013a0                DOT
                0x080013cc                name_DOTUX
                0x080013d8                DOTUX
                0x080013dc                code_DOTUX
                0x080013fc                name_READ_KEY
                0x0800140c                READ_KEY
                0x08001410                code_READ_KEY
                0x08001420                name_READ_LINE
                0x08001430                READ_LINE
                0x08001434                code_READ_LINE
                0x08001450                name_WAIT_KEY
                0x08001460                WAIT_KEY
                0x08001474                name_FINISH_OUTPUT
                0x08001488                FINISH_OUTPUT
                0x0800149c                name_XKEY
                0x080014a8                XKEY
                0x080014b8                name_KEY
                0x080014c4                KEY
                0x080014d8                name_XEMIT
                0x080014e4                XEMIT
                0x080014f4                name_XTYPE
                0x08001500                XTYPE
                0x08001504                code_XTYPE
                0x08001518                name_ACCEPT
                0x08001524                ACCEPT
                0x08001538                name_EMIT
                0x08001544                EMIT
                0x08001558                name_TYPE
                0x08001564                TYPE
                0x08001578                name_FOURNUM
                0x08001584                FOURNUM
                0x0800159c                name_SERIAL_CON
                0x080015ac                SERIAL_CON
                0x08001610                name_XDUMP_ADDR
                0x08001624                XDUMP_ADDR
                0x08001658                name_DUMP
                0x08001664                DUMP
                0x080016fc                name_DUMPW
                0x08001708                DUMPW
                0x080017a8                name_SKIP
                0x080017b4                SKIP
                0x080017fc                name_SCAN
                0x08001808                SCAN
                0x08001850                name_ISSIGN
                0x0800185c                ISSIGN
                0x080018b4                name_ISDIGIT
                0x080018c0                ISDIGIT
                0x08001924                name_SETBASE
                0x08001934                SETBASE
                0x080019c8                name_TONUMBER
                0x080019d8                TONUMBER
                0x08001a64                name_ISNUMBER
                0x08001a74                ISNUMBER
                0x08001af0                name_DECIMAL
                0x08001b00                DECIMAL
                0x08001b18                name_HEX
                0x08001b24                HEX
                0x08001b3c                name_OCTAL
                0x08001b48                OCTAL
                0x08001b60                name_BINARY
                0x08001b6c                BINARY
                0x08001b84                name_NOOP
                0x08001b90                NOOP
                0x08001b94                code_NOOP
                0x08001ba0                name_BRANCH
                0x08001bac                BRANCH
                0x08001bb0                code_BRANCH
                0x08001bc0                name_QBRANCH
                0x08001bd0                QBRANCH
                0x08001bd4                code_QBRANCH
                0x08001be8                name_POSTPONE
                0x08001bf8                POSTPONE
                0x08001c40                name_LITERAL
                0x08001c50                LITERAL
                0x08001c68                name_BEGIN
                0x08001c74                BEGIN
                0x08001c80                name_AGAIN
                0x08001c8c                AGAIN
                0x08001cac                name_UNTIL
                0x08001cb8                UNTIL
                0x08001cd8                name_IF
                0x08001ce0                IF
                0x08001d00                name_ELSE
                0x08001d0c                ELSE
                0x08001d34                name_THEN
                0x08001d40                THEN
                0x08001d5c                name_WHILE
                0x08001d68                WHILE
                0x08001d74                name_REPEAT
                0x08001d80                REPEAT
                0x08001da8                name_CASE
                0x08001db4                CASE
                0x08001dc4                name_OF
                0x08001dcc                OF
                0x08001dfc                name_ENDCASE
                0x08001e0c                ENDCASE
                0x08001e3c                name_XDO
                0x08001e48                XDO
                0x08001e4c                code_XDO
                0x08001e64                name_INDEX
                0x08001e6c                INDEX
                0x08001e70                code_INDEX
                0x08001e80                name_XLOOP
                0x08001e8c                XLOOP
                0x08001e90                code_XLOOP
                0x08001ec8                name_DO
                0x08001ed0                DO
                0x08001ee8                name_LOOP
                0x08001ef4                LOOP
                0x08001f20                name_DELAY
                0x08001f2c                DELAY
                0x08001f30                code_DELAY
                0x08001f40                name_RECURSE
                0x08001f50                RECURSE
                0x08001f68                name_BYE
                0x08001f74                BYE
                0x08001f78                code_BYE
                0x08001f7c                name_WFI
                0x08001f88                WFI
                0x08001f8c                code_WFI
                0x08001f98                name_RESET
                0x08001fa4                RESET
                0x08001fa8                code_RESET
                0x08001fb4                name_HALT
                0x08001fc0                HALT
                0x08001fc4                code_HALT
                0x08001fc8                name_HERE
                0x08001fd4                HERE
                0x08001fe4                name_ALLOT
                0x08001ff0                ALLOT
                0x08002000                name_COMMA
                0x08002008                COMMA
                0x08002020                name_COMMADEST
                0x0800202c                COMMADEST
                0x08002038                name_COMMAXT
                0x08002044                COMMAXT
                0x08002050                name_COMMALINK
                0x0800205c                COMMALINK
                0x08002068                name_CCOMMA
                0x08002070                CCOMMA
                0x0800208c                name_TICK
                0x08002094                TICK
                0x080020ac                name_BRACKETTICK
                0x080020b8                BRACKETTICK
                0x080020d4                name_XDOES
                0x080020e4                XDOES
                0x08002100                name_DOES
                0x0800210c                DOES
                0x08002138                name_XCREATE
                0x08002148                XCREATE
                0x080021a4                name_CREATE
                0x080021b0                CREATE
                0x080021c8                name_DATA
                0x080021d4                DATA
                0x080021ec                name_VARIABLE
                0x080021fc                VARIABLE
                0x08002210                name_CONSTANT
                0x08002220                CONSTANT
                0x08002240                name_LIT
                0x0800224c                LIT
                0x08002250                code_LIT
                0x08002260                name_DEFER
                0x0800226c                DEFER
                0x08002298                name_IS
                0x080022a0                IS
                0x080022b4                name_DECLARE
                0x080022c4                DECLARE
                0x080022f8                name_GTUPPER
                0x08002304                GTUPPER
                0x0800233c                name_UPPERCASE
                0x0800234c                UPPERCASE
                0x0800237c                name_SIEQU
                0x08002388                SIEQU
                0x080023f8                name_FIND
                0x08002404                FIND
                0x08002494                name_BACKSLASH
                0x0800249c                BACKSLASH
                0x080024b4                name_LPAREN
                0x080024bc                LPAREN
                0x080024d4                name_WORD
                0x080024e0                WORD
                0x08002570                name_FROMLINK
                0x0800257c                FROMLINK
                0x080025ac                name_TOFLAGS
                0x080025b8                TOFLAGS
                0x080025bc                code_TOFLAGS
                0x080025d4                name_TONAME
                0x080025e0                TONAME
                0x080025fc                name_TOLINK
                0x08002608                TOLINK
                0x08002620                name_GTBODY
                0x0800262c                GTBODY
                0x0800263c                name_LINKTONAME
                0x0800264c                LINKTONAME
                0x08002660                name_LINKTOFLAGS
                0x08002670                LINKTOFLAGS
                0x08002680                name_MARKER
                0x0800268c                MARKER
                0x080026c0                name_EXECUTE
                0x080026d0                EXECUTE
                0x080026d4                code_EXECUTE
                0x080026dc                name_XINTERPRET
                0x080026f0                XINTERPRET
                0x080027ac                name_EVALUATE
                0x080027bc                EVALUATE
                0x08002880                name_FORGET
                0x0800288c                FORGET
                0x080028b4                name_HIDE
                0x080028c0                HIDE
                0x080028f0                name_REVEAL
                0x080028fc                REVEAL
                0x08002930                name_IMMEDIATE
                0x08002940                IMMEDIATE
                0x08002970                name_LBRACKET
                0x08002978                LBRACKET
                0x08002990                name_RBRACKET
                0x08002998                RBRACKET
                0x080029b0                name_COLON
                0x080029b8                COLON
                0x080029e4                name_SEMICOLON
                0x080029ec                SEMICOLON
                0x08002a08                name_WORDS
                0x08002a14                WORDS
                0x08002a58                name_DEFINEDQ
                0x08002a68                DEFINEDQ
                0x08002a80                name_TYPE_ESCAPED
                0x08002a94                TYPE_ESCAPED
                0x08002af4                name_QUOTE_CHAR
                0x08002b04                QUOTE_CHAR
                0x08002c68                name_DOTQUOTED
                0x08002c78                DOTQUOTED
                0x08002d4c                name_ISVALIDADDR
                0x08002d60                ISVALIDADDR
                0x08002db4                name_XTQ
                0x08002dc0                XTQ
                0x08002e18                name_ANYTOLINK
                0x08002e28                ANYTOLINK
                0x08002e4c                name_NEXT_WORD
                0x08002e5c                NEXT_WORD
                0x08002eb0                name_XCSPACE
                0x08002ec0                XCSPACE
                0x08002ed8                name_XWORD_FLAGS
                0x08002eec                XWORD_FLAGS
                0x08002f10                name_XWORD_NAME
                0x08002f24                XWORD_NAME
                0x08002f6c                name_DOTSQUOTE
                0x08002f7c                DOTSQUOTE
                0x08003014                name_DOTDOCOL_HEADER
                0x08003028                DOTDOCOL_HEADER
                0x0800305c                name_DOTDOCOL
                0x08003068                DOTDOCOL
                0x08003090                name_DOTDOVAR
                0x0800309c                DOTDOVAR
                0x080030e4                name_DOTDOCON
                0x080030f0                DOTDOCON
                0x08003138                name_DOTLITORXT
                0x08003148                DOTLITORXT
                0x08003180                name_DOTDODATA
                0x08003190                DOTDODATA
                0x080031d8                name_DOTDODOES
                0x080031e8                DOTDODOES
                0x0800322c                name_DOTWORD
                0x08003238                DOTWORD
                0x080034a4                name_XSEE
                0x080034b0                XSEE
                0x08003538                name_SEE
                0x08003544                SEE
                0x08003564                name_STORETOPAD
                0x08003570                STORETOPAD
                0x08003590                name_SEE_RANGE
                0x080035a0                SEE_RANGE
                0x08003640                name_PRECOMP_BEGIN
                0x08003654                PRECOMP_BEGIN
                0x08003660                name_PRECOMP_END
                0x08003674                PRECOMP_END
                0x08003688                name_USER
                0x08003694                USER
                0x080036bc                name_UPFETCH
                0x080036c8                UPFETCH
                0x080036d8                name_UPSTORE
                0x080036e4                UPSTORE
                0x080036f4                name_RZ
                0x080036fc                RZ
                0x08003704                name_SZ
                0x0800370c                SZ
                0x08003714                name_STATE
                0x08003720                STATE
                0x08003728                name_DP
                0x08003730                DP
                0x08003738                name_LATEST
                0x08003744                LATEST
                0x0800374c                name_BASE
                0x08003758                BASE
                0x08003760                name_TIB
                0x0800376c                TIB
                0x08003774                name_TIBINDEX
                0x08003780                TIBINDEX
                0x08003788                name_TIBCOUNT
                0x08003794                TIBCOUNT
                0x0800379c                name_XSOURCE
                0x080037ac                XSOURCE
                0x080037b4                name_SOURCECOUNT
                0x080037c4                SOURCECOUNT
                0x080037cc                name_SOURCEINDEX
                0x080037dc                SOURCEINDEX
                0x080037e4                name_UP
                0x080037ec                UP
                0x080037f4                name_HP
                0x080037fc                HP
                0x08003804                name_TICKKEY
                0x08003810                TICKKEY
                0x08003818                name_TICKACCEPT
                0x08003828                TICKACCEPT
                0x08003830                name_TICKEMIT
                0x0800383c                TICKEMIT
                0x08003844                name_TICKTYPE
                0x08003850                TICKTYPE
                0x08003858                name_TICKWAIT_KEY
                0x08003868                TICKWAIT_KEY
                0x08003870                name_TICKFINISH_OUTPUT
                0x08003884                TICKFINISH_OUTPUT
                0x0800388c                name_TASKZWAKE_AT
                0x080038a0                TASKZWAKE_AT
                0x080038a8                name_TASKZUTOS
                0x080038b8                TASKZUTOS
                0x080038c0                name_TASKZSTATUS
                0x080038d4                TASKZSTATUS
                0x080038dc                name_TASKZ
                0x080038e8                TASKZ
                0x080038f0                name_TASKZFOLLOWER
                0x08003904                TASKZFOLLOWER
                0x0800390c                name_TASKZRZ
                0x0800391c                TASKZRZ
                0x08003924                name_TASKZSZ
                0x08003934                TASKZSZ
                0x0800393c                name_TASKZRTOS
                0x0800394c                TASKZRTOS
                0x08003954                name_TASKZRSTACK
                0x08003964                TASKZRSTACK
                0x0800396c                name_TASKZSTACK
                0x0800397c                TASKZSTACK
                0x08003984                name_TASKZTOS
                0x08003994                TASKZTOS
 .text.forth.words
                0x0800399c     0x28fc stm32f100_board.o
                0x0800399c                name_RETI
                0x080039a8                RETI
                0x080039ac                code_RETI
                0x080039b0                name_SEMICOLONI
                0x080039b8                SEMICOLONI
                0x080039d4                name_IVT
                0x080039e0                IVT
                0x080039e8                name_KEYQ
                0x080039f4                KEYQ
                0x080039f8                code_KEYQ
                0x08003a18                name_SBUF
                0x08003a24                SBUF
                0x08003a2c                name_SBUF_HEAD
                0x08003a3c                SBUF_HEAD
                0x08003a44                name_SBUF_TAIL
                0x08003a54                SBUF_TAIL
                0x08003a5c                name_UARTZ_TASK
                0x08003a6c                UARTZ_TASK
                0x08003a78                name_REGISTER
                0x08003a88                REGISTER
                0x08003aac                name_SET_BITS
                0x08003abc                SET_BITS
                0x08003adc                name_CLEAR_BITS
                0x08003aec                CLEAR_BITS
                0x08003b10                name_HIGH
                0x08003b1c                HIGH
                0x08003b24                name_LOW
                0x08003b30                LOW
                0x08003b38                name_ENABLE
                0x08003b44                ENABLE
                0x08003b4c                name_DISABLE
                0x08003b5c                DISABLE
                0x08003b64                name_ON
                0x08003b6c                ON
                0x08003b74                name_OFF
                0x08003b80                OFF
                0x08003b88                name_NVIC
                0x08003b94                NVIC
                0x08003b9c                name_RCC
                0x08003ba8                RCC
                0x08003bb0                name_RCC_CR
                0x08003bbc                RCC_CR
                0x08003bc4                name_RCC_CFGR
                0x08003bd4                RCC_CFGR
                0x08003bdc                name_RCC_CIR
                0x08003bec                RCC_CIR
                0x08003bf4                name_RCC_APBTWORSTR
                0x08003c08                RCC_APBTWORSTR
                0x08003c10                name_RCC_APBONERSTR
                0x08003c24                RCC_APBONERSTR
                0x08003c2c                name_RCC_AHBENR
                0x08003c3c                RCC_AHBENR
                0x08003c44                name_RCC_APBTWOENR
                0x08003c58                RCC_APBTWOENR
                0x08003c60                name_RCC_APBONEENR
                0x08003c74                RCC_APBONEENR
                0x08003c7c                name_RCC_BDCR
                0x08003c8c                RCC_BDCR
                0x08003c94                name_RCC_CSR
                0x08003ca4                RCC_CSR
                0x08003cac                name_RCC_AHBRSTR
                0x08003cc0                RCC_AHBRSTR
                0x08003cc8                name_RCC_CFGRTWO
                0x08003cd8                RCC_CFGRTWO
                0x08003ce0                name_GPIOA
                0x08003cec                GPIOA
                0x08003cf4                name_GPIOB
                0x08003d00                GPIOB
                0x08003d08                name_GPIOC
                0x08003d14                GPIOC
                0x08003d1c                name_GPIOD
                0x08003d28                GPIOD
                0x08003d30                name_GPIOE
                0x08003d3c                GPIOE
                0x08003d44                name_GPIOF
                0x08003d50                GPIOF
                0x08003d58                name_GPIOG
                0x08003d64                GPIOG
                0x08003d6c                name_GPIO_CRL
                0x08003d7c                GPIO_CRL
                0x08003d84                name_GPIO_CRH
                0x08003d94                GPIO_CRH
                0x08003d9c                name_GPIO_IDR
                0x08003dac                GPIO_IDR
                0x08003db4                name_GPIO_ODR
                0x08003dc4                GPIO_ODR
                0x08003dcc                name_GPIO_BSRR
                0x08003ddc                GPIO_BSRR
                0x08003de4                name_GPIO_BRR
                0x08003df4                GPIO_BRR
                0x08003dfc                name_GPIO_LCKR
                0x08003e0c                GPIO_LCKR
                0x08003e14                name_STCTRL
                0x08003e20                STCTRL
                0x08003e28                name_STRELOAD
                0x08003e38                STRELOAD
                0x08003e40                name_STCURRENT
                0x08003e50                STCURRENT
                0x08003e58                name_ITWOCONE
                0x08003e64                ITWOCONE
                0x08003e6c                name_ITWOCTWO
                0x08003e78                ITWOCTWO
                0x08003e80                name_ITWOC_CRONE
                0x08003e90                ITWOC_CRONE
                0x08003e98                name_ITWOC_CRTWO
                0x08003ea8                ITWOC_CRTWO
                0x08003eb0                name_ITWOC_OARONE
                0x08003ec0                ITWOC_OARONE
                0x08003ec8                name_ITWOC_OARTWO
                0x08003ed8                ITWOC_OARTWO
                0x08003ee0                name_ITWOC_SRONE
                0x08003ef0                ITWOC_SRONE
                0x08003ef8                name_ITWOC_SRTWO
                0x08003f08                ITWOC_SRTWO
                0x08003f10                name_ITWOC_CCR
                0x08003f20                ITWOC_CCR
                0x08003f28                name_ITWOC_TRISE
                0x08003f38                ITWOC_TRISE
                0x08003f40                name_SPIONE
                0x08003f4c                SPIONE
                0x08003f54                name_SPITWO
                0x08003f60                SPITWO
                0x08003f68                name_SPI_CRONE
                0x08003f78                SPI_CRONE
                0x08003f80                name_SPI_CRTWO
                0x08003f90                SPI_CRTWO
                0x08003f98                name_SPI_SR
                0x08003fa4                SPI_SR
                0x08003fac                name_SPI_DR
                0x08003fb8                SPI_DR
                0x08003fc0                name_SPI_CRCPR
                0x08003fd0                SPI_CRCPR
                0x08003fd8                name_SPI_RXCRCPR
                0x08003fec                SPI_RXCRCPR
                0x08003ff4                name_SPI_TXCRCPR
                0x08004008                SPI_TXCRCPR
                0x08004010                name_SPI_ITWOSCFGR
                0x08004024                SPI_ITWOSCFGR
                0x0800402c                name_SPI_ITWOSPR
                0x0800403c                SPI_ITWOSPR
                0x08004044                name_APB_ENABLE
                0x08004054                APB_ENABLE
                0x0800407c                name_LEDZ_ENABLE
                0x08004090                LEDZ_ENABLE
                0x080040c8                name_LEDZSTORE
                0x080040d4                LEDZSTORE
                0x080040fc                name_SPI_ENABLE
                0x0800410c                SPI_ENABLE
                0x0800417c                name_SPI_CSSTORE
                0x0800418c                SPI_CSSTORE
                0x080041b8                name_SPI_RXNEQ
                0x080041c8                SPI_RXNEQ
                0x080041e8                name_SPI_TXNEQ
                0x080041f8                SPI_TXNEQ
                0x0800421c                name_SPI_WAIT_RXNE
                0x08004230                SPI_WAIT_RXNE
                0x08004260                name_SPI_WAIT_TXE
                0x08004274                SPI_WAIT_TXE
                0x080042a4                name_SPI_DRSTOREFETCH
                0x080042b4                SPI_DRSTOREFETCH
                0x080042d8                name_SPI_DRSTORE
                0x080042e8                SPI_DRSTORE
                0x080042f8                name_SPI_DRFETCH
                0x08004308                SPI_DRFETCH
                0x08004320                name_MMC_SPI_MODE
                0x08004334                MMC_SPI_MODE
                0x08004378                name_MMC_CMD
                0x08004388                MMC_CMD
                0x080043d8                name_MMC_RES_ONE
                0x080043e8                MMC_RES_ONE
                0x08004420                name_MMC_INIT
                0x08004430                MMC_INIT
                0x08004480                name_MMC_READ_BLK
                0x08004494                MMC_READ_BLK
                0x08004550                name_MMC_WRITE_BLK
                0x08004564                MMC_WRITE_BLK
                0x08004638                name_LPARENLPARENBLOCKRPARENRPAREN
                0x08004648                LPARENLPARENBLOCKRPARENRPAREN
                0x08004654                name_LPARENBLOCKRPAREN
                0x08004664                LPARENBLOCKRPAREN
                0x0800469c                name_LPARENUPDATERPAREN
                0x080046ac                LPARENUPDATERPAREN
                0x080046e4                name_SYSTICKSSLASHTICK
                0x080046f8                SYSTICKSSLASHTICK
                0x08004700                name_TICKS
                0x0800470c                TICKS
                0x08004714                name_SYSTICK_IRQ
                0x08004728                SYSTICK_IRQ
                0x08004740                name_SYSTICK_ENABLE
                0x08004754                SYSTICK_ENABLE
                0x080047ac                name_ANSI_SEQLBRAC
                0x080047bc                ANSI_SEQLBRAC
                0x080047f8                name_RBRACSEQ
                0x08004804                RBRACSEQ
                0x08004824                name_LPARENDOTXYRPAREN
                0x08004830                LPARENDOTXYRPAREN
                0x08004848                name_AT_XY
                0x08004854                AT_XY
                0x080048b8                name_STORECURSOR
                0x080048c8                STORECURSOR
                0x080048d0                name_FETCHCURSOR
                0x080048e0                FETCHCURSOR
                0x080048e8                name_CLS
                0x080048f4                CLS
                0x08004904                name_CURSOR_UP
                0x08004914                CURSOR_UP
                0x0800491c                name_CURSOR_DOWN
                0x08004930                CURSOR_DOWN
                0x08004938                name_CURSOR_RIGHT
                0x0800494c                CURSOR_RIGHT
                0x08004954                name_CURSOR_LEFT
                0x08004968                CURSOR_LEFT
                0x08004970                name_CLR_EOL
                0x08004980                CLR_EOL
                0x0800498c                name_CLR_SOL
                0x0800499c                CLR_SOL
                0x080049a8                name_CLR_LINE
                0x080049b8                CLR_LINE
                0x080049c4                name_KEY_UP
                0x080049d0                KEY_UP
                0x080049d8                name_KEY_DOWN
                0x080049e8                KEY_DOWN
                0x080049f0                name_KEY_LEFT
                0x08004a00                KEY_LEFT
                0x08004a08                name_KEY_RIGHT
                0x08004a18                KEY_RIGHT
                0x08004a20                name_KEY_HOME
                0x08004a30                KEY_HOME
                0x08004a38                name_KEY_END
                0x08004a48                KEY_END
                0x08004a50                name_KEY_INSERT
                0x08004a60                KEY_INSERT
                0x08004a68                name_KEY_DELETE
                0x08004a78                KEY_DELETE
                0x08004a80                name_KEY_PGUP
                0x08004a90                KEY_PGUP
                0x08004a98                name_KEY_PGDOWN
                0x08004aa8                KEY_PGDOWN
                0x08004ab0                name_KEY_BACKSPACE
                0x08004ac4                KEY_BACKSPACE
                0x08004acc                name_ROTKEY
                0x08004ad8                ROTKEY
                0x08004b00                name_READWKEY
                0x08004b10                READWKEY
                0x08004bf4                name_TIB_TAIL
                0x08004c04                TIB_TAIL
                0x08004c34                name_DOTTIB_TAIL
                0x08004c44                DOTTIB_TAIL
                0x08004c60                name_CURSORGT
                0x08004c70                CURSORGT
                0x08004c8c                name_CURSORLT
                0x08004c9c                CURSORLT
                0x08004cb8                name_INSERT
                0x08004cc4                INSERT
                0x08004d04                name_DELETE
                0x08004d10                DELETE
                0x08004d3c                name_MINUSSTARTQ
                0x08004d4c                MINUSSTARTQ
                0x08004d60                name_MINUSENDQ
                0x08004d6c                MINUSENDQ
                0x08004d88                name_MINUSFULLQ
                0x08004d94                MINUSFULLQ
                0x08004dac                name_READLINE_CRSR
                0x08004dc0                READLINE_CRSR
                0x08004f4c                name_ANSI_IO
                0x08004f5c                ANSI_IO
                0x08004f84                name_CSLASHL
                0x08004f90                CSLASHL
                0x08004f98                name_SCR
                0x08004fa4                SCR
                0x08004fac                name_BLOCKNUM
                0x08004fb8                BLOCKNUM
                0x08004fc0                name_LPARENBLOCK_DIRTYRPAREN
                0x08004fd4                LPARENBLOCK_DIRTYRPAREN
                0x08004fdc                name_BLOCK_DIRTYQ
                0x08004ff0                BLOCK_DIRTYQ
                0x08005000                name_BLOCK_DIRTY
                0x08005014                BLOCK_DIRTY
                0x0800502c                name_BLOCK_CLEAN
                0x08005040                BLOCK_CLEAN
                0x08005058                name_UPDATE
                0x08005064                UPDATE
                0x0800508c                name_BLOCK
                0x08005098                BLOCK
                0x080050e0                name_REVERT
                0x080050ec                REVERT
                0x08005108                name_LPARENLINE_STARTRPAREN
                0x0800511c                LPARENLINE_STARTRPAREN
                0x08005134                name_LPARENLINE_ENDRPAREN
                0x08005144                LPARENLINE_ENDRPAREN
                0x08005158                name_GTBLK
                0x08005164                GTBLK
                0x08005174                name_CLR_LAST_CHR
                0x08005188                CLR_LAST_CHR
                0x080051a8                name_GTTAIL_LENGTH
                0x080051bc                GTTAIL_LENGTH
                0x080051d8                name_DOTTAIL
                0x080051e4                DOTTAIL
                0x08005208                name_TAILGT
                0x08005214                TAILGT
                0x08005240                name_TAILLT
                0x0800524c                TAILLT
                0x0800527c                name_LL
                0x08005284                LL
                0x080052c8                name_LIST
                0x080052d4                LIST
                0x08005334                name_RE
                0x0800533c                RE
                0x0800534c                name_L
                0x08005354                L
                0x08005374                name_B
                0x0800537c                B
                0x08005394                name_N
                0x0800539c                N
                0x080053b4                name_STOREXY
                0x080053c0                STOREXY
                0x080053fc                name_STORECH
                0x08005408                STORECH
                0x08005430                name_LINE_START
                0x08005440                LINE_START
                0x08005450                name_LINE_END
                0x08005460                LINE_END
                0x08005478                name_BLANK_LINE
                0x08005488                BLANK_LINE
                0x080054a4                name_INS_LINE
                0x080054b4                INS_LINE
                0x080054ec                name_REMOVE_LINE
                0x08005500                REMOVE_LINE
                0x08005538                name_CLR_LAST_LINE
                0x0800554c                CLR_LAST_LINE
                0x08005574                name_QCH
                0x08005580                QCH
                0x080057fc                name_EDIT
                0x08005808                EDIT
                0x0800588c                name_INIT_BLOCKS
                0x080058a0                INIT_BLOCKS
                0x080058bc                name_LOAD
                0x080058c8                LOAD
                0x08005974                name_THRU
                0x08005980                THRU
                0x080059a4                name_PTCOLON
                0x080059b0                PTCOLON
                0x080059e4                name_SEMIPT
                0x080059f0                SEMIPT
                0x08005a3c                name_QYIELD
                0x08005a48                QYIELD
                0x08005ab0                name_FOLLOWER
                0x08005ac0                FOLLOWER
                0x08005ac8                name_STATUS
                0x08005ad4                STATUS
                0x08005adc                name_TOS
                0x08005ae8                TOS
                0x08005af0                name_WAKE_AT
                0x08005b00                WAKE_AT
                0x08005b08                name_USERNUM
                0x08005b14                USERNUM
                0x08005b1c                name_TIMEOUTSTORE
                0x08005b2c                TIMEOUTSTORE
                0x08005b48                name_TIMEOUTFETCH
                0x08005b58                TIMEOUTFETCH
                0x08005b74                name_TIMEOUTQ
                0x08005b84                TIMEOUTQ
                0x08005bb0                name_LAST_AWAKE
                0x08005bc0                LAST_AWAKE
                0x08005bc8                name_PAUSE
                0x08005bd4                PAUSE
                0x08005bf8                name_TICKU
                0x08005c00                TICKU
                0x08005c14                name_LPARENWAKERPAREN
                0x08005c20                LPARENWAKERPAREN
                0x08005c54                name_WAKE
                0x08005c60                WAKE
                0x08005c68                name_AWAKE
                0x08005c74                AWAKE
                0x08005c9c                name_LPARENPASSRPAREN
                0x08005ca8                LPARENPASSRPAREN
                0x08005d10                name_PASS
                0x08005d1c                PASS
                0x08005d24                name_STOP
                0x08005d30                STOP
                0x08005d48                name_SLEEP
                0x08005d54                SLEEP
                0x08005d70                name_ACTIVATE
                0x08005d80                ACTIVATE
                0x08005dd8                name_ALSOTASK
                0x08005de8                ALSOTASK
                0x08005e20                name_ONLYTASK
                0x08005e30                ONLYTASK
                0x08005e5c                name_NEWTASK
                0x08005e6c                NEWTASK
                0x08005f00                name_DOTTASK
                0x08005f0c                DOTTASK
                0x0800608c                name_DOTTASKS
                0x08006098                DOTTASKS
                0x080060d8                name_STOP_FOR_KEY
                0x080060ec                STOP_FOR_KEY
                0x08006110                name_MULTITASKING_KEY
                0x08006128                MULTITASKING_KEY
                0x0800614c                name_INTERPRET
                0x0800615c                INTERPRET
                0x080061e0                name_QUIT
                0x080061ec                QUIT
                0x08006200                name_ABORT
                0x0800620c                ABORT
                0x08006248                name_QABORT
                0x08006254                QABORT
                0x08006274                name_COLD
                0x08006280                COLD
 *(.rodata)
 *(.rodata.*)

.glue_7         0x08006298        0x0
 .glue_7        0x00000000        0x0 linker stubs

.glue_7t        0x08006298        0x0
 .glue_7t       0x00000000        0x0 linker stubs

.vfp11_veneer   0x08006298        0x0
 .vfp11_veneer  0x00000000        0x0 linker stubs

.v4_bx          0x08006298        0x0
 .v4_bx         0x00000000        0x0 linker stubs

.iplt           0x08006298        0x0
 .iplt          0x00000000        0x0 stm32f100_board.o

.rel.dyn        0x08006298        0x0
 .rel.iplt      0x00000000        0x0 stm32f100_board.o

.data           0x20000000      0x340 load address 0x08006298
 *(.data)
 .data          0x20000000        0x0 stm32f100_board.o
 *(.data.*)
 .data.forth    0x20000000      0x340 stm32f100_board.o
                0x20000000                addr_STATE
                0x20000004                addr_DP
                0x20000008                addr_LATEST
                0x2000000c                addr_BASE
                0x20000010                addr_TIB
                0x20000094                addr_TIBINDEX
                0x20000098                addr_TIBCOUNT
                0x2000009c                addr_XSOURCE
                0x200000a0                addr_SOURCECOUNT
                0x200000a4                addr_SOURCEINDEX
                0x200000a8                addr_UP
                0x200000ac                addr_HP
                0x200000b0                addr_TICKKEY
                0x200000b4                addr_TICKACCEPT
                0x200000b8                addr_TICKEMIT
                0x200000bc                addr_TICKTYPE
                0x200000c0                addr_TICKWAIT_KEY
                0x200000c4                addr_TICKFINISH_OUTPUT
                0x200000c8                addr_TASKZWAKE_AT
                0x200000cc                addr_TASKZUTOS
                0x200000d0                addr_TASKZSTATUS
                0x200000d4                addr_TASKZFOLLOWER
                0x200000d4                addr_TASKZ
                0x200000d8                addr_TASKZRZ
                0x200000dc                addr_TASKZSZ
                0x200000e0                addr_TASKZRTOS
                0x200000e0                addr_TASKZRSTACK
                0x20000160                addr_TASKZSTACK
                0x200001e0                addr_IVT
                0x200001e0                addr_TASKZTOS
                0x2000030c                addr_SBUF
                0x2000031c                addr_SBUF_HEAD
                0x20000320                addr_SBUF_TAIL
                0x20000324                addr_UARTZ_TASK
                0x20000328                addr_SYSTICKSSLASHTICK
                0x2000032c                addr_TICKS
                0x20000330                addr_SCR
                0x20000334                addr_BLOCKNUM
                0x20000338                addr_LPARENBLOCK_DIRTYRPAREN
                0x2000033c                addr_LAST_AWAKE
 *(.bss)
 .bss           0x20000340        0x0 stm32f100_board.o
 *(.bss.*)
                0x20000340                free_ram_start = .
                0x20002000                ram_top = 0x20002000
                0x20001fc0                irq_stack_top = (ram_top - 0x40)
OUTPUT(coreforth.elf elf32-littlearm)

.igot.plt       0x20000340        0x0 load address 0x080065d8
 .igot.plt      0x00000000        0x0 stm32f100_board.o

.ARM.attributes
                0x00000000       0x21
 .ARM.attributes
                0x00000000       0x21 stm32f100_board.o

.debug_line     0x00000000      0x3b9
 .debug_line    0x00000000      0x3b9 stm32f100_board.o

.debug_info     0x00000000       0x5e
 .debug_info    0x00000000       0x5e stm32f100_board.o

.debug_abbrev   0x00000000       0x12
 .debug_abbrev  0x00000000       0x12 stm32f100_board.o

.debug_aranges  0x00000000       0x30
 .debug_aranges
                0x00000000       0x30 stm32f100_board.o

.debug_ranges   0x00000000       0x28
 .debug_ranges  0x00000000       0x28 stm32f100_board.o
